
> vox-lab@0.1.0 build
> next build

Γû▓ Next.js 16.1.6 (Turbopack)
- Environments: .env.local
- Experiments (use with caution):
  ┬╖ serverActions

  Creating an optimized production build ...
node.exe : 
At line:1 char:1
+ & "C:\Program 
Files\nodejs/node.exe" "C:\U
sers\ASUS\AppData\Roaming\n 
...
+ ~~~~~~~~~~~~~~~~~~~~~~~~~~
~~~~~~~~~~~~~~~~~~~~~~~~~~~~
~~~~~~~~~~~~~~~
    + CategoryInfo          
: N    otSpecified: 
(:String) [],     
RemoteException
    + FullyQualifiedErrorId 
: N    ativeCommandError
 
> Build error occurred
Error: Turbopack build 
failed with 10 errors:
./src/app/dashboard/profile/
[uid]/page.tsx:25:1
Export formatForumDate 
doesn't exist in target 
module
[0m [90m 23 |[39m 
[36mimport[39m { 
[33mPracticeSession[39m } 
[36mfrom[39m [32m"@/types
/gamification"[39m[33m;[3
9m
 [90m 24 |[39m 
[36mimport[39m { 
[33mPost[39m } 
[36mfrom[39m [32m"@/types
/forum"[39m[33m;[39m
[31m[1m>[22m[39m[90m 
25 |[39m [36mimport[39m 
{ formatForumDate } 
[36mfrom[39m [32m"@/lib/u
tils"[39m[33m;[39m
 [90m    |[39m [31m[1m^
[22m[39m[31m[1m^[22m[39
m[31m[1m^[22m[39m[31m[
1m^[22m[39m[31m[1m^[22m
[39m[31m[1m^[22m[39m[3
1m[1m^[22m[39m[31m[1m^
[22m[39m[31m[1m^[22m[39
m[31m[1m^[22m[39m[31m[
1m^[22m[39m[31m[1m^[22m
[39m[31m[1m^[22m[39m[3
1m[1m^[22m[39m[31m[1m^
[22m[39m[31m[1m^[22m[39
m[31m[1m^[22m[39m[31m[
1m^[22m[39m[31m[1m^[22m
[39m[31m[1m^[22m[39m[3
1m[1m^[22m[39m[31m[1m^
[22m[39m[31m[1m^[22m[39
m[31m[1m^[22m[39m[31m[
1m^[22m[39m[31m[1m^[22m
[39m[31m[1m^[22m[39m[3
1m[1m^[22m[39m[31m[1m^
[22m[39m[31m[1m^[22m[39
m[31m[1m^[22m[39m[31m[
1m^[22m[39m[31m[1m^[22m
[39m[31m[1m^[22m[39m[3
1m[1m^[22m[39m[31m[1m^
[22m[39m[31m[1m^[22m[39
m[31m[1m^[22m[39m[31m[
1m^[22m[39m[31m[1m^[22m
[39m[31m[1m^[22m[39m[3
1m[1m^[22m[39m[31m[1m^
[22m[39m[31m[1m^[22m[39
m[31m[1m^[22m[39m[31m[
1m^[22m[39m
 [90m 26 |[39m
 [90m 27 |[39m [90m// 
ΓöÇΓöÇΓöÇ Rarity Level 
Labels ΓöÇΓöÇΓöÇΓöÇΓöÇΓöÇΓöÇ
ΓöÇΓöÇΓöÇΓöÇΓöÇΓöÇΓöÇΓöÇΓöÇΓ
öÇΓöÇΓöÇΓöÇΓöÇΓöÇΓöÇΓöÇΓöÇΓö
ÇΓöÇΓöÇΓöÇΓöÇΓöÇΓöÇΓöÇΓöÇΓöÇ
ΓöÇΓöÇΓöÇΓöÇΓöÇΓöÇΓöÇΓöÇΓöÇΓ
öÇΓöÇΓöÇΓöÇΓöÇΓöÇΓöÇΓöÇΓöÇ[
39m
 [90m 28 |[39m 
[36mconst[39m [33mRARITY_
LEVEL[39m[33m:[39m [33mR
ecord[39m[33m<[39m[33mst
ring[39m[33m,[39m 
string[33m>[39m 
[33m=[39m {[0m

The export formatForumDate 
was not found in module 
[project]/src/lib/utils.ts 
[app-client] (ecmascript).
Did you mean to import cn?
All exports of the module 
are statically known (It 
doesn't have dynamic 
exports). So it's known 
statically that the 
requested export doesn't 
exist.

Import traces:
  Client Component Browser:
    ./src/app/dashboard/prof
ile/[uid]/page.tsx [Client 
Component Browser]
    ./src/app/dashboard/prof
ile/[uid]/page.tsx [Server 
Component]

  Client Component SSR:
    ./src/app/dashboard/prof
ile/[uid]/page.tsx [Client 
Component SSR]
    ./src/app/dashboard/prof
ile/[uid]/page.tsx [Server 
Component]


./src/app/dashboard/profile/
[uid]/page.tsx:25:1
Export formatForumDate 
doesn't exist in target 
module
[0m [90m 23 |[39m 
[36mimport[39m { 
[33mPracticeSession[39m } 
[36mfrom[39m [32m"@/types
/gamification"[39m[33m;[3
9m
 [90m 24 |[39m 
[36mimport[39m { 
[33mPost[39m } 
[36mfrom[39m [32m"@/types
/forum"[39m[33m;[39m
[31m[1m>[22m[39m[90m 
25 |[39m [36mimport[39m 
{ formatForumDate } 
[36mfrom[39m [32m"@/lib/u
tils"[39m[33m;[39m
 [90m    |[39m [31m[1m^
[22m[39m[31m[1m^[22m[39
m[31m[1m^[22m[39m[31m[
1m^[22m[39m[31m[1m^[22m
[39m[31m[1m^[22m[39m[3
1m[1m^[22m[39m[31m[1m^
[22m[39m[31m[1m^[22m[39
m[31m[1m^[22m[39m[31m[
1m^[22m[39m[31m[1m^[22m
[39m[31m[1m^[22m[39m[3
1m[1m^[22m[39m[31m[1m^
[22m[39m[31m[1m^[22m[39
m[31m[1m^[22m[39m[31m[
1m^[22m[39m[31m[1m^[22m
[39m[31m[1m^[22m[39m[3
1m[1m^[22m[39m[31m[1m^
[22m[39m[31m[1m^[22m[39
m[31m[1m^[22m[39m[31m[
1m^[22m[39m[31m[1m^[22m
[39m[31m[1m^[22m[39m[3
1m[1m^[22m[39m[31m[1m^
[22m[39m[31m[1m^[22m[39
m[31m[1m^[22m[39m[31m[
1m^[22m[39m[31m[1m^[22m
[39m[31m[1m^[22m[39m[3
1m[1m^[22m[39m[31m[1m^
[22m[39m[31m[1m^[22m[39
m[31m[1m^[22m[39m[31m[
1m^[22m[39m[31m[1m^[22m
[39m[31m[1m^[22m[39m[3
1m[1m^[22m[39m[31m[1m^
[22m[39m[31m[1m^[22m[39
m[31m[1m^[22m[39m[31m[
1m^[22m[39m
 [90m 26 |[39m
 [90m 27 |[39m [90m// 
ΓöÇΓöÇΓöÇ Rarity Level 
Labels ΓöÇΓöÇΓöÇΓöÇΓöÇΓöÇΓöÇ
ΓöÇΓöÇΓöÇΓöÇΓöÇΓöÇΓöÇΓöÇΓöÇΓ
öÇΓöÇΓöÇΓöÇΓöÇΓöÇΓöÇΓöÇΓöÇΓö
ÇΓöÇΓöÇΓöÇΓöÇΓöÇΓöÇΓöÇΓöÇΓöÇ
ΓöÇΓöÇΓöÇΓöÇΓöÇΓöÇΓöÇΓöÇΓöÇΓ
öÇΓöÇΓöÇΓöÇΓöÇΓöÇΓöÇΓöÇΓöÇ[
39m
 [90m 28 |[39m 
[36mconst[39m [33mRARITY_
LEVEL[39m[33m:[39m [33mR
ecord[39m[33m<[39m[33mst
ring[39m[33m,[39m 
string[33m>[39m 
[33m=[39m {[0m

The export formatForumDate 
was not found in module 
[project]/src/lib/utils.ts 
[app-ssr] (ecmascript).
Did you mean to import cn?
All exports of the module 
are statically known (It 
doesn't have dynamic 
exports). So it's known 
statically that the 
requested export doesn't 
exist.

Import traces:
  Client Component Browser:
    ./src/app/dashboard/prof
ile/[uid]/page.tsx [Client 
Component Browser]
    ./src/app/dashboard/prof
ile/[uid]/page.tsx [Server 
Component]

  Client Component SSR:
    ./src/app/dashboard/prof
ile/[uid]/page.tsx [Client 
Component SSR]
    ./src/app/dashboard/prof
ile/[uid]/page.tsx [Server 
Component]


./src/components/forum/Comme
ntThread.tsx:2:1
Export formatForumDate 
doesn't exist in target 
module
[0m [90m 1 |[39m 
[36mimport[39m 
[33mReact[39m[33m,[39m 
{ useState } [36mfrom[39m 
[32m'react'[39m[33m;[39m
[31m[1m>[22m[39m[90m 2 
|[39m [36mimport[39m { 
formatForumDate } 
[36mfrom[39m [32m'@/lib/u
tils'[39m[33m;[39m
 [90m   |[39m [31m[1m^[
22m[39m[31m[1m^[22m[39m
[31m[1m^[22m[39m[31m[1
m^[22m[39m[31m[1m^[22m
[39m[31m[1m^[22m[39m[31
m[1m^[22m[39m[31m[1m^[
22m[39m[31m[1m^[22m[39m
[31m[1m^[22m[39m[31m[1
m^[22m[39m[31m[1m^[22m
[39m[31m[1m^[22m[39m[31
m[1m^[22m[39m[31m[1m^[
22m[39m[31m[1m^[22m[39m
[31m[1m^[22m[39m[31m[1
m^[22m[39m[31m[1m^[22m
[39m[31m[1m^[22m[39m[31
m[1m^[22m[39m[31m[1m^[
22m[39m[31m[1m^[22m[39m
[31m[1m^[22m[39m[31m[1
m^[22m[39m[31m[1m^[22m
[39m[31m[1m^[22m[39m[31
m[1m^[22m[39m[31m[1m^[
22m[39m[31m[1m^[22m[39m
[31m[1m^[22m[39m[31m[1
m^[22m[39m[31m[1m^[22m
[39m[31m[1m^[22m[39m[31
m[1m^[22m[39m[31m[1m^[
22m[39m[31m[1m^[22m[39m
[31m[1m^[22m[39m[31m[1
m^[22m[39m[31m[1m^[22m
[39m[31m[1m^[22m[39m[31
m[1m^[22m[39m[31m[1m^[
22m[39m[31m[1m^[22m[39m
[31m[1m^[22m[39m[31m[1
m^[22m[39m
 [90m 3 |[39m 
[36mimport[39m { [33mMess
ageSquare[39m[33m,[39m [
33mThumbsUp[39m[33m,[39m 
[33mUser[39m[33m,[39m 
[33mReply[39m[33m,[39m 
[33mCheck[39m[33m,[39m 
[33mSparkles[39m[33m,[39m
 [33mLoader2[39m } 
[36mfrom[39m [32m'lucide-
react'[39m[33m;[39m
 [90m 4 |[39m 
[36mimport[39m { [33mComm
ent[39m[33m,[39m 
[33mReply[39m 
[36mas[39m 
[33mReplyType[39m } 
[36mfrom[39m [32m'@/types
/forum'[39m[33m;[39m
 [90m 5 |[39m 
[36mimport[39m { useAuth 
} [36mfrom[39m [32m'@/con
texts/AuthContext'[39m[33m
;[39m[0m

The export formatForumDate 
was not found in module 
[project]/src/lib/utils.ts 
[app-client] (ecmascript).
Did you mean to import cn?
All exports of the module 
are statically known (It 
doesn't have dynamic 
exports). So it's known 
statically that the 
requested export doesn't 
exist.

Import traces:
  Client Component Browser:
    ./src/components/forum/C
ommentThread.tsx [Client 
Component Browser]
    ./src/components/forum/P
ostDetail.tsx [Client 
Component Browser]
    ./src/components/forum/P
ostDetail.tsx [Server 
Component]
    ./src/app/forum/[postId]
/page.tsx [Server Component]

  Client Component SSR:
    ./src/components/forum/C
ommentThread.tsx [Client 
Component SSR]
    ./src/components/forum/P
ostDetail.tsx [Client 
Component SSR]
    ./src/components/forum/P
ostDetail.tsx [Server 
Component]
    ./src/app/forum/[postId]
/page.tsx [Server Component]


./src/components/forum/Comme
ntThread.tsx:2:1
Export formatForumDate 
doesn't exist in target 
module
[0m [90m 1 |[39m 
[36mimport[39m 
[33mReact[39m[33m,[39m 
{ useState } [36mfrom[39m 
[32m'react'[39m[33m;[39m
[31m[1m>[22m[39m[90m 2 
|[39m [36mimport[39m { 
formatForumDate } 
[36mfrom[39m [32m'@/lib/u
tils'[39m[33m;[39m
 [90m   |[39m [31m[1m^[
22m[39m[31m[1m^[22m[39m
[31m[1m^[22m[39m[31m[1
m^[22m[39m[31m[1m^[22m
[39m[31m[1m^[22m[39m[31
m[1m^[22m[39m[31m[1m^[
22m[39m[31m[1m^[22m[39m
[31m[1m^[22m[39m[31m[1
m^[22m[39m[31m[1m^[22m
[39m[31m[1m^[22m[39m[31
m[1m^[22m[39m[31m[1m^[
22m[39m[31m[1m^[22m[39m
[31m[1m^[22m[39m[31m[1
m^[22m[39m[31m[1m^[22m
[39m[31m[1m^[22m[39m[31
m[1m^[22m[39m[31m[1m^[
22m[39m[31m[1m^[22m[39m
[31m[1m^[22m[39m[31m[1
m^[22m[39m[31m[1m^[22m
[39m[31m[1m^[22m[39m[31
m[1m^[22m[39m[31m[1m^[
22m[39m[31m[1m^[22m[39m
[31m[1m^[22m[39m[31m[1
m^[22m[39m[31m[1m^[22m
[39m[31m[1m^[22m[39m[31
m[1m^[22m[39m[31m[1m^[
22m[39m[31m[1m^[22m[39m
[31m[1m^[22m[39m[31m[1
m^[22m[39m[31m[1m^[22m
[39m[31m[1m^[22m[39m[31
m[1m^[22m[39m[31m[1m^[
22m[39m[31m[1m^[22m[39m
[31m[1m^[22m[39m[31m[1
m^[22m[39m
 [90m 3 |[39m 
[36mimport[39m { [33mMess
ageSquare[39m[33m,[39m [
33mThumbsUp[39m[33m,[39m 
[33mUser[39m[33m,[39m 
[33mReply[39m[33m,[39m 
[33mCheck[39m[33m,[39m 
[33mSparkles[39m[33m,[39m
 [33mLoader2[39m } 
[36mfrom[39m [32m'lucide-
react'[39m[33m;[39m
 [90m 4 |[39m 
[36mimport[39m { [33mComm
ent[39m[33m,[39m 
[33mReply[39m 
[36mas[39m 
[33mReplyType[39m } 
[36mfrom[39m [32m'@/types
/forum'[39m[33m;[39m
 [90m 5 |[39m 
[36mimport[39m { useAuth 
} [36mfrom[39m [32m'@/con
texts/AuthContext'[39m[33m
;[39m[0m

The export formatForumDate 
was not found in module 
[project]/src/lib/utils.ts 
[app-ssr] (ecmascript).
Did you mean to import cn?
All exports of the module 
are statically known (It 
doesn't have dynamic 
exports). So it's known 
statically that the 
requested export doesn't 
exist.

Import traces:
  Client Component Browser:
    ./src/components/forum/C
ommentThread.tsx [Client 
Component Browser]
    ./src/components/forum/P
ostDetail.tsx [Client 
Component Browser]
    ./src/components/forum/P
ostDetail.tsx [Server 
Component]
    ./src/app/forum/[postId]
/page.tsx [Server Component]

  Client Component SSR:
    ./src/components/forum/C
ommentThread.tsx [Client 
Component SSR]
    ./src/components/forum/P
ostDetail.tsx [Client 
Component SSR]
    ./src/components/forum/P
ostDetail.tsx [Server 
Component]
    ./src/app/forum/[postId]
/page.tsx [Server Component]


./src/components/forum/Notif
icationDropdown.tsx:4:1
Export formatForumDate 
doesn't exist in target 
module
[0m [90m 2 |[39m 
[36mimport[39m { 
[33mBell[39m[33m,[39m 
[33mCheck[39m[33m,[39m 
[33mX[39m } 
[36mfrom[39m [32m'lucide-
react'[39m[33m;[39m
 [90m 3 |[39m 
[36mimport[39m { 
useNotifications } 
[36mfrom[39m [32m'@/conte
xts/NotificationContext'[39
m[33m;[39m
[31m[1m>[22m[39m[90m 4 
|[39m [36mimport[39m { 
formatForumDate } 
[36mfrom[39m [32m'@/lib/u
tils'[39m[33m;[39m
 [90m   |[39m [31m[1m^[
22m[39m[31m[1m^[22m[39m
[31m[1m^[22m[39m[31m[1
m^[22m[39m[31m[1m^[22m
[39m[31m[1m^[22m[39m[31
m[1m^[22m[39m[31m[1m^[
22m[39m[31m[1m^[22m[39m
[31m[1m^[22m[39m[31m[1
m^[22m[39m[31m[1m^[22m
[39m[31m[1m^[22m[39m[31
m[1m^[22m[39m[31m[1m^[
22m[39m[31m[1m^[22m[39m
[31m[1m^[22m[39m[31m[1
m^[22m[39m[31m[1m^[22m
[39m[31m[1m^[22m[39m[31
m[1m^[22m[39m[31m[1m^[
22m[39m[31m[1m^[22m[39m
[31m[1m^[22m[39m[31m[1
m^[22m[39m[31m[1m^[22m
[39m[31m[1m^[22m[39m[31
m[1m^[22m[39m[31m[1m^[
22m[39m[31m[1m^[22m[39m
[31m[1m^[22m[39m[31m[1
m^[22m[39m[31m[1m^[22m
[39m[31m[1m^[22m[39m[31
m[1m^[22m[39m[31m[1m^[
22m[39m[31m[1m^[22m[39m
[31m[1m^[22m[39m[31m[1
m^[22m[39m[31m[1m^[22m
[39m[31m[1m^[22m[39m[31
m[1m^[22m[39m[31m[1m^[
22m[39m[31m[1m^[22m[39m
[31m[1m^[22m[39m[31m[1
m^[22m[39m
 [90m 5 |[39m 
[36mimport[39m { 
[33mButton[39m } 
[36mfrom[39m [32m'@/compo
nents/ui/button'[39m[33m;
[39m [90m// Adjust import 
if needed[39m
 [90m 6 |[39m 
[36mimport[39m { [33mAnim
atePresence[39m[33m,[39m 
motion } [36mfrom[39m [32
m'framer-motion'[39m[33m;
[39m
 [90m 7 |[39m[0m

The export formatForumDate 
was not found in module 
[project]/src/lib/utils.ts 
[app-client] (ecmascript).
Did you mean to import cn?
All exports of the module 
are statically known (It 
doesn't have dynamic 
exports). So it's known 
statically that the 
requested export doesn't 
exist.

Import traces:
  Client Component Browser:
    ./src/components/forum/N
otificationDropdown.tsx 
[Client Component Browser]
    ./src/components/forum/F
orumHeader.tsx [Client 
Component Browser]
    
./src/app/forum/page.tsx 
[Client Component Browser]
    
./src/app/forum/page.tsx 
[Server Component]

  Client Component SSR:
    ./src/components/forum/N
otificationDropdown.tsx 
[Client Component SSR]
    ./src/components/forum/F
orumHeader.tsx [Client 
Component SSR]
    
./src/app/forum/page.tsx 
[Client Component SSR]
    
./src/app/forum/page.tsx 
[Server Component]


./src/components/forum/Notif
icationDropdown.tsx:4:1
Export formatForumDate 
doesn't exist in target 
module
[0m [90m 2 |[39m 
[36mimport[39m { 
[33mBell[39m[33m,[39m 
[33mCheck[39m[33m,[39m 
[33mX[39m } 
[36mfrom[39m [32m'lucide-
react'[39m[33m;[39m
 [90m 3 |[39m 
[36mimport[39m { 
useNotifications } 
[36mfrom[39m [32m'@/conte
xts/NotificationContext'[39
m[33m;[39m
[31m[1m>[22m[39m[90m 4 
|[39m [36mimport[39m { 
formatForumDate } 
[36mfrom[39m [32m'@/lib/u
tils'[39m[33m;[39m
 [90m   |[39m [31m[1m^[
22m[39m[31m[1m^[22m[39m
[31m[1m^[22m[39m[31m[1
m^[22m[39m[31m[1m^[22m
[39m[31m[1m^[22m[39m[31
m[1m^[22m[39m[31m[1m^[
22m[39m[31m[1m^[22m[39m
[31m[1m^[22m[39m[31m[1
m^[22m[39m[31m[1m^[22m
[39m[31m[1m^[22m[39m[31
m[1m^[22m[39m[31m[1m^[
22m[39m[31m[1m^[22m[39m
[31m[1m^[22m[39m[31m[1
m^[22m[39m[31m[1m^[22m
[39m[31m[1m^[22m[39m[31
m[1m^[22m[39m[31m[1m^[
22m[39m[31m[1m^[22m[39m
[31m[1m^[22m[39m[31m[1
m^[22m[39m[31m[1m^[22m
[39m[31m[1m^[22m[39m[31
m[1m^[22m[39m[31m[1m^[
22m[39m[31m[1m^[22m[39m
[31m[1m^[22m[39m[31m[1
m^[22m[39m[31m[1m^[22m
[39m[31m[1m^[22m[39m[31
m[1m^[22m[39m[31m[1m^[
22m[39m[31m[1m^[22m[39m
[31m[1m^[22m[39m[31m[1
m^[22m[39m[31m[1m^[22m
[39m[31m[1m^[22m[39m[31
m[1m^[22m[39m[31m[1m^[
22m[39m[31m[1m^[22m[39m
[31m[1m^[22m[39m[31m[1
m^[22m[39m
 [90m 5 |[39m 
[36mimport[39m { 
[33mButton[39m } 
[36mfrom[39m [32m'@/compo
nents/ui/button'[39m[33m;
[39m [90m// Adjust import 
if needed[39m
 [90m 6 |[39m 
[36mimport[39m { [33mAnim
atePresence[39m[33m,[39m 
motion } [36mfrom[39m [32
m'framer-motion'[39m[33m;
[39m
 [90m 7 |[39m[0m

The export formatForumDate 
was not found in module 
[project]/src/lib/utils.ts 
[app-ssr] (ecmascript).
Did you mean to import cn?
All exports of the module 
are statically known (It 
doesn't have dynamic 
exports). So it's known 
statically that the 
requested export doesn't 
exist.

Import traces:
  Client Component Browser:
    ./src/components/forum/N
otificationDropdown.tsx 
[Client Component Browser]
    ./src/components/forum/F
orumHeader.tsx [Client 
Component Browser]
    
./src/app/forum/page.tsx 
[Client Component Browser]
    
./src/app/forum/page.tsx 
[Server Component]

  Client Component SSR:
    ./src/components/forum/N
otificationDropdown.tsx 
[Client Component SSR]
    ./src/components/forum/F
orumHeader.tsx [Client 
Component SSR]
    
./src/app/forum/page.tsx 
[Client Component SSR]
    
./src/app/forum/page.tsx 
[Server Component]


./src/components/forum/PostC
ard.tsx:5:1
Export formatForumDate 
doesn't exist in target 
module
[0m [90m 3 |[39m 
[36mimport[39m 
[33mReact[39m[33m,[39m 
{ useState } [36mfrom[39m 
[32m'react'[39m[33m;[39m
 [90m 4 |[39m 
[36mimport[39m 
[33mLink[39m 
[36mfrom[39m [32m'next/li
nk'[39m[33m;[39m
[31m[1m>[22m[39m[90m 5 
|[39m [36mimport[39m { 
formatForumDate } 
[36mfrom[39m [32m'@/lib/u
tils'[39m[33m;[39m
 [90m   |[39m [31m[1m^[
22m[39m[31m[1m^[22m[39m
[31m[1m^[22m[39m[31m[1
m^[22m[39m[31m[1m^[22m
[39m[31m[1m^[22m[39m[31
m[1m^[22m[39m[31m[1m^[
22m[39m[31m[1m^[22m[39m
[31m[1m^[22m[39m[31m[1
m^[22m[39m[31m[1m^[22m
[39m[31m[1m^[22m[39m[31
m[1m^[22m[39m[31m[1m^[
22m[39m[31m[1m^[22m[39m
[31m[1m^[22m[39m[31m[1
m^[22m[39m[31m[1m^[22m
[39m[31m[1m^[22m[39m[31
m[1m^[22m[39m[31m[1m^[
22m[39m[31m[1m^[22m[39m
[31m[1m^[22m[39m[31m[1
m^[22m[39m[31m[1m^[22m
[39m[31m[1m^[22m[39m[31
m[1m^[22m[39m[31m[1m^[
22m[39m[31m[1m^[22m[39m
[31m[1m^[22m[39m[31m[1
m^[22m[39m[31m[1m^[22m
[39m[31m[1m^[22m[39m[31
m[1m^[22m[39m[31m[1m^[
22m[39m[31m[1m^[22m[39m
[31m[1m^[22m[39m[31m[1
m^[22m[39m[31m[1m^[22m
[39m[31m[1m^[22m[39m[31
m[1m^[22m[39m[31m[1m^[
22m[39m[31m[1m^[22m[39m
[31m[1m^[22m[39m[31m[1
m^[22m[39m
 [90m 6 |[39m 
[36mimport[39m { [33mMess
ageSquare[39m[33m,[39m [
33mThumbsUp[39m[33m,[39m 
[33mEye[39m[33m,[39m 
[33mUser[39m[33m,[39m [
33mMoreVertical[39m[33m,[
39m 
[33mEdit[39m[33m,[39m 
[33mTrash2[39m[33m,[39m 
[33mPlay[39m[33m,[39m 
[33mShare2[39m[33m,[39m 
[33mCornerUpRight[39m } 
[36mfrom[39m [32m'lucide-
react'[39m[33m;[39m
 [90m 7 |[39m 
[36mimport[39m { useAuth 
} [36mfrom[39m [32m'@/con
texts/AuthContext'[39m[33m
;[39m
 [90m 8 |[39m 
[36mimport[39m { useForum 
} [36mfrom[39m [32m'@/con
texts/ForumContext'[39m[33
m;[39m[0m

The export formatForumDate 
was not found in module 
[project]/src/lib/utils.ts 
[app-client] (ecmascript).
Did you mean to import cn?
All exports of the module 
are statically known (It 
doesn't have dynamic 
exports). So it's known 
statically that the 
requested export doesn't 
exist.

Import traces:
  Client Component Browser:
    ./src/components/forum/P
ostCard.tsx [Client 
Component Browser]
    ./src/components/forum/F
orumPostList.tsx [Client 
Component Browser]
    
./src/app/forum/page.tsx 
[Client Component Browser]
    
./src/app/forum/page.tsx 
[Server Component]

  Client Component SSR:
    ./src/components/forum/P
ostCard.tsx [Client 
Component SSR]
    ./src/components/forum/F
orumPostList.tsx [Client 
Component SSR]
    
./src/app/forum/page.tsx 
[Client Component SSR]
    
./src/app/forum/page.tsx 
[Server Component]


./src/components/forum/PostC
ard.tsx:5:1
Export formatForumDate 
doesn't exist in target 
module
[0m [90m 3 |[39m 
[36mimport[39m 
[33mReact[39m[33m,[39m 
{ useState } [36mfrom[39m 
[32m'react'[39m[33m;[39m
 [90m 4 |[39m 
[36mimport[39m 
[33mLink[39m 
[36mfrom[39m [32m'next/li
nk'[39m[33m;[39m
[31m[1m>[22m[39m[90m 5 
|[39m [36mimport[39m { 
formatForumDate } 
[36mfrom[39m [32m'@/lib/u
tils'[39m[33m;[39m
 [90m   |[39m [31m[1m^[
22m[39m[31m[1m^[22m[39m
[31m[1m^[22m[39m[31m[1
m^[22m[39m[31m[1m^[22m
[39m[31m[1m^[22m[39m[31
m[1m^[22m[39m[31m[1m^[
22m[39m[31m[1m^[22m[39m
[31m[1m^[22m[39m[31m[1
m^[22m[39m[31m[1m^[22m
[39m[31m[1m^[22m[39m[31
m[1m^[22m[39m[31m[1m^[
22m[39m[31m[1m^[22m[39m
[31m[1m^[22m[39m[31m[1
m^[22m[39m[31m[1m^[22m
[39m[31m[1m^[22m[39m[31
m[1m^[22m[39m[31m[1m^[
22m[39m[31m[1m^[22m[39m
[31m[1m^[22m[39m[31m[1
m^[22m[39m[31m[1m^[22m
[39m[31m[1m^[22m[39m[31
m[1m^[22m[39m[31m[1m^[
22m[39m[31m[1m^[22m[39m
[31m[1m^[22m[39m[31m[1
m^[22m[39m[31m[1m^[22m
[39m[31m[1m^[22m[39m[31
m[1m^[22m[39m[31m[1m^[
22m[39m[31m[1m^[22m[39m
[31m[1m^[22m[39m[31m[1
m^[22m[39m[31m[1m^[22m
[39m[31m[1m^[22m[39m[31
m[1m^[22m[39m[31m[1m^[
22m[39m[31m[1m^[22m[39m
[31m[1m^[22m[39m[31m[1
m^[22m[39m
 [90m 6 |[39m 
[36mimport[39m { [33mMess
ageSquare[39m[33m,[39m [
33mThumbsUp[39m[33m,[39m 
[33mEye[39m[33m,[39m 
[33mUser[39m[33m,[39m [
33mMoreVertical[39m[33m,[
39m 
[33mEdit[39m[33m,[39m 
[33mTrash2[39m[33m,[39m 
[33mPlay[39m[33m,[39m 
[33mShare2[39m[33m,[39m 
[33mCornerUpRight[39m } 
[36mfrom[39m [32m'lucide-
react'[39m[33m;[39m
 [90m 7 |[39m 
[36mimport[39m { useAuth 
} [36mfrom[39m [32m'@/con
texts/AuthContext'[39m[33m
;[39m
 [90m 8 |[39m 
[36mimport[39m { useForum 
} [36mfrom[39m [32m'@/con
texts/ForumContext'[39m[33
m;[39m[0m

The export formatForumDate 
was not found in module 
[project]/src/lib/utils.ts 
[app-ssr] (ecmascript).
Did you mean to import cn?
All exports of the module 
are statically known (It 
doesn't have dynamic 
exports). So it's known 
statically that the 
requested export doesn't 
exist.

Import traces:
  Client Component Browser:
    ./src/components/forum/P
ostCard.tsx [Client 
Component Browser]
    ./src/components/forum/F
orumPostList.tsx [Client 
Component Browser]
    
./src/app/forum/page.tsx 
[Client Component Browser]
    
./src/app/forum/page.tsx 
[Server Component]

  Client Component SSR:
    ./src/components/forum/P
ostCard.tsx [Client 
Component SSR]
    ./src/components/forum/F
orumPostList.tsx [Client 
Component SSR]
    
./src/app/forum/page.tsx 
[Client Component SSR]
    
./src/app/forum/page.tsx 
[Server Component]


./src/components/forum/PostD
etail.tsx:5:1
Export formatForumDate 
doesn't exist in target 
module
[0m [90m 3 |[39m 
[36mimport[39m 
[33mReact[39m[33m,[39m 
{ useState } [36mfrom[39m 
[32m'react'[39m[33m;[39m
 [90m 4 |[39m 
[36mimport[39m 
[33mLink[39m 
[36mfrom[39m [32m'next/li
nk'[39m[33m;[39m
[31m[1m>[22m[39m[90m 5 
|[39m [36mimport[39m { 
formatForumDate } 
[36mfrom[39m [32m'@/lib/u
tils'[39m[33m;[39m
 [90m   |[39m [31m[1m^[
22m[39m[31m[1m^[22m[39m
[31m[1m^[22m[39m[31m[1
m^[22m[39m[31m[1m^[22m
[39m[31m[1m^[22m[39m[31
m[1m^[22m[39m[31m[1m^[
22m[39m[31m[1m^[22m[39m
[31m[1m^[22m[39m[31m[1
m^[22m[39m[31m[1m^[22m
[39m[31m[1m^[22m[39m[31
m[1m^[22m[39m[31m[1m^[
22m[39m[31m[1m^[22m[39m
[31m[1m^[22m[39m[31m[1
m^[22m[39m[31m[1m^[22m
[39m[31m[1m^[22m[39m[31
m[1m^[22m[39m[31m[1m^[
22m[39m[31m[1m^[22m[39m
[31m[1m^[22m[39m[31m[1
m^[22m[39m[31m[1m^[22m
[39m[31m[1m^[22m[39m[31
m[1m^[22m[39m[31m[1m^[
22m[39m[31m[1m^[22m[39m
[31m[1m^[22m[39m[31m[1
m^[22m[39m[31m[1m^[22m
[39m[31m[1m^[22m[39m[31
m[1m^[22m[39m[31m[1m^[
22m[39m[31m[1m^[22m[39m
[31m[1m^[22m[39m[31m[1
m^[22m[39m[31m[1m^[22m
[39m[31m[1m^[22m[39m[31
m[1m^[22m[39m[31m[1m^[
22m[39m[31m[1m^[22m[39m
[31m[1m^[22m[39m[31m[1
m^[22m[39m
 [90m 6 |[39m 
[36mimport[39m { [33mArro
wLeft[39m[33m,[39m 
[33mUser[39m[33m,[39m [
33mMessageSquare[39m[33m,
[39m [33mThumbsUp[39m[33m
,[39m 
[33mSend[39m[33m,[39m [
33mLoader2[39m[33m,[39m 
[33mSparkles[39m[33m,[39m
 [33mMoreVertical[39m[33m
,[39m 
[33mEdit[39m[33m,[39m 
[33mTrash2[39m } 
[36mfrom[39m [32m'lucide-
react'[39m[33m;[39m
 [90m 7 |[39m 
[36mimport[39m { 
useForumPost } 
[36mfrom[39m [32m'@/hooks
/useForumPost'[39m[33m;[3
9m
 [90m 8 |[39m 
[36mimport[39m { useForum 
} [36mfrom[39m [32m'@/con
texts/ForumContext'[39m[33
m;[39m[0m

The export formatForumDate 
was not found in module 
[project]/src/lib/utils.ts 
[app-client] (ecmascript).
Did you mean to import cn?
All exports of the module 
are statically known (It 
doesn't have dynamic 
exports). So it's known 
statically that the 
requested export doesn't 
exist.

Import trace:
  Server Component:
    ./src/components/forum/P
ostDetail.tsx
    ./src/app/forum/[postId]
/page.tsx


./src/components/forum/PostD
etail.tsx:5:1
Export formatForumDate 
doesn't exist in target 
module
[0m [90m 3 |[39m 
[36mimport[39m 
[33mReact[39m[33m,[39m 
{ useState } [36mfrom[39m 
[32m'react'[39m[33m;[39m
 [90m 4 |[39m 
[36mimport[39m 
[33mLink[39m 
[36mfrom[39m [32m'next/li
nk'[39m[33m;[39m
[31m[1m>[22m[39m[90m 5 
|[39m [36mimport[39m { 
formatForumDate } 
[36mfrom[39m [32m'@/lib/u
tils'[39m[33m;[39m
 [90m   |[39m [31m[1m^[
22m[39m[31m[1m^[22m[39m
[31m[1m^[22m[39m[31m[1
m^[22m[39m[31m[1m^[22m
[39m[31m[1m^[22m[39m[31
m[1m^[22m[39m[31m[1m^[
22m[39m[31m[1m^[22m[39m
[31m[1m^[22m[39m[31m[1
m^[22m[39m[31m[1m^[22m
[39m[31m[1m^[22m[39m[31
m[1m^[22m[39m[31m[1m^[
22m[39m[31m[1m^[22m[39m
[31m[1m^[22m[39m[31m[1
m^[22m[39m[31m[1m^[22m
[39m[31m[1m^[22m[39m[31
m[1m^[22m[39m[31m[1m^[
22m[39m[31m[1m^[22m[39m
[31m[1m^[22m[39m[31m[1
m^[22m[39m[31m[1m^[22m
[39m[31m[1m^[22m[39m[31
m[1m^[22m[39m[31m[1m^[
22m[39m[31m[1m^[22m[39m
[31m[1m^[22m[39m[31m[1
m^[22m[39m[31m[1m^[22m
[39m[31m[1m^[22m[39m[31
m[1m^[22m[39m[31m[1m^[
22m[39m[31m[1m^[22m[39m
[31m[1m^[22m[39m[31m[1
m^[22m[39m[31m[1m^[22m
[39m[31m[1m^[22m[39m[31
m[1m^[22m[39m[31m[1m^[
22m[39m[31m[1m^[22m[39m
[31m[1m^[22m[39m[31m[1
m^[22m[39m
 [90m 6 |[39m 
[36mimport[39m { [33mArro
wLeft[39m[33m,[39m 
[33mUser[39m[33m,[39m [
33mMessageSquare[39m[33m,
[39m [33mThumbsUp[39m[33m
,[39m 
[33mSend[39m[33m,[39m [
33mLoader2[39m[33m,[39m 
[33mSparkles[39m[33m,[39m
 [33mMoreVertical[39m[33m
,[39m 
[33mEdit[39m[33m,[39m 
[33mTrash2[39m } 
[36mfrom[39m [32m'lucide-
react'[39m[33m;[39m
 [90m 7 |[39m 
[36mimport[39m { 
useForumPost } 
[36mfrom[39m [32m'@/hooks
/useForumPost'[39m[33m;[3
9m
 [90m 8 |[39m 
[36mimport[39m { useForum 
} [36mfrom[39m [32m'@/con
texts/ForumContext'[39m[33
m;[39m[0m

The export formatForumDate 
was not found in module 
[project]/src/lib/utils.ts 
[app-ssr] (ecmascript).
Did you mean to import cn?
All exports of the module 
are statically known (It 
doesn't have dynamic 
exports). So it's known 
statically that the 
requested export doesn't 
exist.

Import trace:
  Server Component:
    ./src/components/forum/P
ostDetail.tsx
    ./src/app/forum/[postId]
/page.tsx


    at <unknown> (./src/app/
dashboard/profile/[uid]/page
.tsx:25:1)
    at <unknown> (./src/app/
dashboard/profile/[uid]/page
.tsx:25:1)
    at <unknown> (./src/comp
onents/forum/CommentThread.t
sx:2:1)
    at <unknown> (./src/comp
onents/forum/CommentThread.t
sx:2:1)
    at <unknown> (./src/comp
onents/forum/NotificationDro
pdown.tsx:4:1)
    at <unknown> (./src/comp
onents/forum/NotificationDro
pdown.tsx:4:1)
    at <unknown> (./src/comp
onents/forum/PostCard.tsx:5:
1)
    at <unknown> (./src/comp
onents/forum/PostCard.tsx:5:
1)
    at <unknown> (./src/comp
onents/forum/PostDetail.tsx:
5:1)
    at <unknown> (./src/comp
onents/forum/PostDetail.tsx:
5:1)
